........................................................................ [  0%]
........................................................................ [  1%]
........................................................................ [  1%]
........................................................................ [  2%]
........................................................................ [  2%]
........................................................................ [  3%]
.................................................xxxxxXXX............... [  3%]
........................................................................ [  4%]
........................................................................ [  4%]
........................................................................ [  5%]
.......xxxxxXxxxxX..................................................x... [  6%]
........................................................................ [  6%]
........................................................................ [  7%]
................................................xxxXxXXxXx.............. [  7%]
........................................................................ [  8%]
........................................................................ [  8%]
........................................................................ [  9%]
........................................................................ [  9%]
..............................................xxxxXXX................... [ 10%]
........................................................................ [ 10%]
........................................................................ [ 11%]
........................................................................ [ 12%]
...................F.............xxxxXxxxxX............................. [ 12%]
........................................................................ [ 13%]
........................................................................ [ 13%]
.........................F..xxxxXX...................................... [ 14%]
........................................................................ [ 14%]
........................................................................ [ 15%]
........................................................................ [ 15%]
................................xxxxxxxxxxXxxxx......................... [ 16%]
............................................................x........... [ 17%]
........................................................................ [ 17%]
........................................................................ [ 18%]
........................................................................ [ 18%]
........................................................................ [ 19%]
........................................................................ [ 19%]
........................................................................ [ 20%]
.........................xxxxxxxxxxX.................................... [ 20%]
................x....................................................... [ 21%]
........................................................................ [ 21%]
........................................xx.............................. [ 22%]
........................................................................ [ 23%]
.xxxxXX................................................................. [ 23%]
........................................................................ [ 24%]
........................................xxxxXxX......................... [ 24%]
........................................................................ [ 25%]
........................................................................ [ 25%]
........................................................................ [ 26%]
........................................................................ [ 26%]
............................XXXxxXX..................................... [ 27%]
........................................................................ [ 27%]
........................................................................ [ 28%]
........................................................................ [ 29%]
........................................................................ [ 29%]
........................................................................ [ 30%]
.....................................................xxxxxXXxXx......... [ 30%]
........................................................................ [ 31%]
......................xxxxxxxxxxxxX..................................... [ 31%]
.............x.......................................................... [ 32%]
........................................................................ [ 32%]
....xxxxxXXX............................................................ [ 33%]
........................................................................ [ 34%]
.........................................................xx............. [ 34%]
........................................................................ [ 35%]
.......................xXXXXxX.......................................... [ 35%]
........................................................................ [ 36%]
........................................................................ [ 36%]
........................................................................ [ 37%]
........................................................................ [ 37%]
........................................................................ [ 38%]
........................................................................ [ 38%]
........................................................................ [ 39%]
........................................................................ [ 40%]
........................................................................ [ 40%]
........................................................................ [ 41%]
........................................................................ [ 41%]
........................................................................ [ 42%]
........................................................................ [ 42%]
..............xxxxXXx................................................... [ 43%]
...................................F..............xxxxXXxXX............. [ 43%]
........................................................................ [ 44%]
........................................................................ [ 45%]
....xxxxXXx............................................................. [ 45%]
........................................................................ [ 46%]
........................................................................ [ 46%]
........................................................................ [ 47%]
........................................................................ [ 47%]
.......................................................xXxxXXXXx........ [ 48%]
........................................................................ [ 48%]
........................................................................ [ 49%]
......................xxxxXXxXxxxX...................................... [ 49%]
..............x......................................................... [ 50%]
........................................................................ [ 51%]
........................................................................ [ 51%]
........................................................................ [ 52%]
........................................................................ [ 52%]
.............................xxxxXxXX................................... [ 53%]
........................................................................ [ 53%]
........................................................................ [ 54%]
................xxxXXXXx................................................ [ 54%]
........................................................................ [ 55%]
.......xxxxxXXX......................................................... [ 55%]
........................................................................ [ 56%]
................................xxxxXX.................................. [ 57%]
........................................................................ [ 57%]
........................................................................ [ 58%]
........................................................................ [ 58%]
........................................................................ [ 59%]
........................................................................ [ 59%]
..............................................................xxxxXxXX.. [ 60%]
........................................................................ [ 60%]
........................................................................ [ 61%]
........................................................................ [ 62%]
........................................................................ [ 62%]
........................................................................ [ 63%]
........................................................................ [ 63%]
........................................................................ [ 64%]
........................................................................ [ 64%]
........................................................................ [ 65%]
........................................................................ [ 65%]
........................................................................ [ 66%]
........................................................................ [ 66%]
........................................................................ [ 67%]
........................................................................ [ 68%]
........................................................................ [ 68%]
........................................................................ [ 69%]
........................................................................ [ 69%]
........................................................................ [ 70%]
........................................................................ [ 70%]
........................................................................ [ 71%]
........................................................................ [ 71%]
........................................................................ [ 72%]
........................................................................ [ 72%]
........................................................................ [ 73%]
........................................................................ [ 74%]
........................................................................ [ 74%]
........................................................................ [ 75%]
........................................................................ [ 75%]
........................................................................ [ 76%]
........................................................................ [ 76%]
........................................................................ [ 77%]
........................................................................ [ 77%]
........................................................................ [ 78%]
........................................................................ [ 79%]
........................................................................ [ 79%]
........................................................................ [ 80%]
........................................................................ [ 80%]
........................................................................ [ 81%]
........................................................................ [ 81%]
........................................................................ [ 82%]
........................................................................ [ 82%]
........................................................................ [ 83%]
........................................................................ [ 83%]
........................................................................ [ 84%]
........................................................................ [ 85%]
........................................................................ [ 85%]
........................................................................ [ 86%]
........................................................................ [ 86%]
........................................................................ [ 87%]
........................................................................ [ 87%]
........................................................................ [ 88%]
........................................................................ [ 88%]
........................................................................ [ 89%]
........................................................................ [ 90%]
........................................................................ [ 90%]
........................................................................ [ 91%]
........................................................................ [ 91%]
........................................................................ [ 92%]
........................................................................ [ 92%]
........................................................................ [ 93%]
........................................................................ [ 93%]
........................................................................ [ 94%]
........................................................................ [ 94%]
........................................................................ [ 95%]
........................................................................ [ 96%]
........................................................................ [ 96%]
........................................................................ [ 97%]
........................................................................ [ 97%]
........................................................................ [ 98%]
........................................................................ [ 98%]
........................................................................ [ 99%]
........................................................................ [ 99%]
...............                                                          [100%]
=================================== FAILURES ===================================
________________ test_confusable_returns_none[halb so schlimm] _________________

text = 'halb so schlimm'

    @pytest.mark.parametrize("text", _SAFE_NONE)
    def test_confusable_returns_none(text):
        # structurally safe: no count/modifier, nothing to bind.
>       nomatch(text)

test/nl_corpus_de/test_nl_confusables.py:54: 
_ _ _ _ _ _ _ _ _ _ _ _ _ _ _ _ _ _ _ _ _ _ _ _ _ _ _ _ _ _ _ _ _ _ _ _ _ _ _ _ 

text = 'halb so schlimm', anchor = datetime.datetime(2017, 6, 27, 13, 4)

    def nomatch(text, anchor=ANCHOR):
        r = parse(text, anchor)
>       assert r is None, f"{text!r} unexpectedly parsed to {r!r}"
               ^^^^^^^^^
E       AssertionError: 'halb so schlimm' unexpectedly parsed to (DateSpan(start=AstroDate(year=2017, month=7, day=2, hour=0, minute=0, second=0, microsecond=0, tzinfo=None), end=AstroDate(year=2017, month=7, day=3, hour=0, minute=0, second=0, microsecond=0, tzinfo=None), basis='exact'), 'halb schlimm')

test/nl_corpus_de/_corpus.py:41: AssertionError
_ test_confusable_returns_none[\u03c4\u03bf\u03bd \u03c0\u03b5\u03c1\u03b1\u03c3\u03bc\u03ad\u03bd\u03bf \u03bc\u03ae\u03bd\u03b1] _

text = 'τον περασμένο μήνα'

    @pytest.mark.parametrize("text", _SAFE_NONE)
    def test_confusable_returns_none(text):
        # structurally safe: no count/modifier, nothing to bind.
>       nomatch(text)

test/nl_corpus_el/test_nl_confusables.py:58: 
_ _ _ _ _ _ _ _ _ _ _ _ _ _ _ _ _ _ _ _ _ _ _ _ _ _ _ _ _ _ _ _ _ _ _ _ _ _ _ _ 

text = 'τον περασμένο μήνα', anchor = datetime.datetime(2017, 6, 27, 13, 4)

    def nomatch(text, anchor=ANCHOR):
        r = parse(text, anchor)
>       assert r is None, f"{text!r} unexpectedly parsed to {r!r}"
               ^^^^^^^^^
E       AssertionError: 'τον περασμένο μήνα' unexpectedly parsed to (DateSpan(start=AstroDate(year=2017, month=5, day=1, hour=0, minute=0, second=0, microsecond=0, tzinfo=None), end=AstroDate(year=2017, month=6, day=1, hour=0, minute=0, second=0, microsecond=0, tzinfo=None), basis='exact'), '')

test/nl_corpus_el/_corpus.py:41: AssertionError
__________________ test_confusable_returns_none[half zo erg] ___________________

text = 'half zo erg'

    @pytest.mark.parametrize("text", _SAFE_NONE)
    def test_confusable_returns_none(text):
        # structurally safe: no count/modifier, nothing to bind.
>       nomatch(text)

test/nl_corpus_nl/test_nl_confusables.py:55: 
_ _ _ _ _ _ _ _ _ _ _ _ _ _ _ _ _ _ _ _ _ _ _ _ _ _ _ _ _ _ _ _ _ _ _ _ _ _ _ _ 

text = 'half zo erg', anchor = datetime.datetime(2017, 6, 27, 13, 4)

    def nomatch(text, anchor=ANCHOR):
        r = parse(text, anchor)
>       assert r is None, f"{text!r} unexpectedly parsed to {r!r}"
               ^^^^^^^^^
E       AssertionError: 'half zo erg' unexpectedly parsed to (DateSpan(start=AstroDate(year=2017, month=7, day=2, hour=0, minute=0, second=0, microsecond=0, tzinfo=None), end=AstroDate(year=2017, month=7, day=3, hour=0, minute=0, second=0, microsecond=0, tzinfo=None), basis='exact'), 'half erg')

test/nl_corpus_nl/_corpus.py:46: AssertionError
=========================== short test summary info ============================
FAILED test/nl_corpus_de/test_nl_confusables.py::test_confusable_returns_none[halb so schlimm]
FAILED test/nl_corpus_el/test_nl_confusables.py::test_confusable_returns_none[\u03c4\u03bf\u03bd \u03c0\u03b5\u03c1\u03b1\u03c3\u03bc\u03ad\u03bd\u03bf \u03bc\u03ae\u03bd\u03b1]
FAILED test/nl_corpus_nl/test_nl_confusables.py::test_confusable_returns_none[half zo erg]
3 failed, 12889 passed, 156 xfailed, 71 xpassed in 72.23s (0:01:12)
